// Jest Snapshot v1, https://goo.gl/fbAQLP

exports[`UserController render correctly 1`] = `
Server {
  "_connections": 0,
  "_events": {
    "connection": [Function],
    "listening": [Function],
    "request": [Function],
  },
  "_eventsCount": 3,
  "_handle": null,
  "_listeningId": 1,
  "_maxListeners": undefined,
  "_unref": false,
  "_usingWorkers": false,
  "_workers": [],
  "allowHalfOpen": true,
  "connectionsCheckingInterval": 30000,
  "headersTimeout": 60000,
  "highWaterMark": 65536,
  "httpAllowHalfOpen": false,
  "insecureHTTPParser": undefined,
  "joinDuplicateHeaders": undefined,
  "keepAlive": false,
  "keepAliveInitialDelay": 0,
  "keepAliveTimeout": 5000,
  "maxHeaderSize": undefined,
  "maxHeadersCount": null,
  "maxRequestsPerSocket": 0,
  "noDelay": true,
  "pauseOnConnect": false,
  "rejectNonStandardBodyWrites": false,
  "requestTimeout": 300000,
  "requireHostHeader": true,
  "timeout": 0,
  Symbol(IncomingMessage): [Function],
  Symbol(ServerResponse): [Function],
  Symbol(shapeMode): false,
  Symbol(kCapture): false,
  Symbol(async_id_symbol): -1,
  Symbol(kUniqueHeaders): null,
}
`;
